MPLINK 5.09, LINKER
Linker Map File - Created Sat Jun 22 17:44:30 2019

                                 Section Info
                  Section       Type    Address   Location Size(Bytes)
                ---------  ---------  ---------  ---------  ---------
                   .org_0       code   0x000000    program   0x0000dc
                   .cinit    romdata   0x0000dc    program   0x000002
.config_300001_BUILD/DEFAULT/PRODUCTION/MAIN.O    romdata   0x300001    program   0x000001
.config_300003_BUILD/DEFAULT/PRODUCTION/MAIN.O    romdata   0x300003    program   0x000001
.config_300005_BUILD/DEFAULT/PRODUCTION/MAIN.O    romdata   0x300005    program   0x000001
.config_300006_BUILD/DEFAULT/PRODUCTION/MAIN.O    romdata   0x300006    program   0x000001



                              Program Memory Usage 
                               Start         End      
                           ---------   ---------      
                            0x000000    0x0000dd      
                            0x300001    0x300001      
                            0x300003    0x300003      
                            0x300005    0x300006      
            226 out of 33048 program addresses used, program memory utilization is 0%



                              Symbols - Sorted by Name
                     Name    Address   Location    Storage File                     
                ---------  ---------  ---------  --------- ---------                
                  ADCPoll   0x000088    program     static C:\Users\JORGE VILLAREAL\Documents\GitHub\ADC-microcontroller\ADC.X\main.asm
                    Delay   0x0000cc    program     static C:\Users\JORGE VILLAREAL\Documents\GitHub\ADC-microcontroller\ADC.X\main.asm
                   Lookup   0x000004    program     static C:\Users\JORGE VILLAREAL\Documents\GitHub\ADC-microcontroller\ADC.X\main.asm
           LookupReversed   0x00002a    program     static C:\Users\JORGE VILLAREAL\Documents\GitHub\ADC-microcontroller\ADC.X\main.asm
                    Start   0x000050    program     static C:\Users\JORGE VILLAREAL\Documents\GitHub\ADC-microcontroller\ADC.X\main.asm
                     Test   0x000072    program     static C:\Users\JORGE VILLAREAL\Documents\GitHub\ADC-microcontroller\ADC.X\main.asm



                              Symbols - Sorted by Address
                     Name    Address   Location    Storage File                     
                ---------  ---------  ---------  --------- ---------                
                   Lookup   0x000004    program     static C:\Users\JORGE VILLAREAL\Documents\GitHub\ADC-microcontroller\ADC.X\main.asm
           LookupReversed   0x00002a    program     static C:\Users\JORGE VILLAREAL\Documents\GitHub\ADC-microcontroller\ADC.X\main.asm
                    Start   0x000050    program     static C:\Users\JORGE VILLAREAL\Documents\GitHub\ADC-microcontroller\ADC.X\main.asm
                     Test   0x000072    program     static C:\Users\JORGE VILLAREAL\Documents\GitHub\ADC-microcontroller\ADC.X\main.asm
                  ADCPoll   0x000088    program     static C:\Users\JORGE VILLAREAL\Documents\GitHub\ADC-microcontroller\ADC.X\main.asm
                    Delay   0x0000cc    program     static C:\Users\JORGE VILLAREAL\Documents\GitHub\ADC-microcontroller\ADC.X\main.asm


